// Jest Snapshot v1, https://goo.gl/fbAQLP

exports[`addOnActionTypeNaming should have a addOnActionTypeNaming 1`] = `
Object {
  "appModel": Object {
    "INITIALIZE_ALL": "appModel/INITIALIZE_ALL",
    "INITIALIZE_STATE": "appModel/INITIALIZE_STATE",
    "REMOVE_STATE": "appModel/REMOVE_STATE",
    "UPDATE_STATE": "appModel/UPDATE_STATE",
    "namespace": "appModel",
  },
  "exampleModel": Object {
    "INITIALIZE_ALL": "exampleModel/INITIALIZE_ALL",
    "INITIALIZE_STATE": "exampleModel/INITIALIZE_STATE",
    "Other_Reducer": "exampleModel/Other_Reducer",
    "REMOVE_STATE": "exampleModel/REMOVE_STATE",
    "UPDATE_STATE": "exampleModel/UPDATE_STATE",
    "namespace": "exampleModel",
  },
  "formModel": Object {
    "INITIALIZE_ALL": "formModel/INITIALIZE_ALL",
    "INITIALIZE_STATE": "formModel/INITIALIZE_STATE",
    "REMOVE_STATE": "formModel/REMOVE_STATE",
    "UPDATE_STATE": "formModel/UPDATE_STATE",
    "namespace": "formModel",
  },
  "themeModel": Object {
    "INITIALIZE_ALL": "themeModel/INITIALIZE_ALL",
    "INITIALIZE_STATE": "themeModel/INITIALIZE_STATE",
    "Other_Reducer": "themeModel/Other_Reducer",
    "REMOVE_STATE": "themeModel/REMOVE_STATE",
    "UPDATE_STATE": "themeModel/UPDATE_STATE",
    "namespace": "themeModel",
  },
  "userModel": Object {
    "INITIALIZE_ALL": "userModel/INITIALIZE_ALL",
    "INITIALIZE_STATE": "userModel/INITIALIZE_STATE",
    "Other_Reducer": "userModel/Other_Reducer",
    "REMOVE_STATE": "userModel/REMOVE_STATE",
    "UPDATE_STATE": "userModel/UPDATE_STATE",
    "namespace": "userModel",
  },
}
`;

exports[`addOnActionTypeNaming should have a addOnActionTypeNaming 2`] = `[Function]`;
